// 重构日志: 2dc1fca0
// 重构日志: 108be3c6
// 重构日志: 2c0f2a27
// 重构日志: dcf3b105
// 同步 ID: 61253479 @ Mon Jul 27 22:54:52 UTC 2026
// 同步 ID: 0db47e59 @ Tue Jul 28 05:14:38 UTC 2026
// 重构日志: c75cf10b
// 同步 ID: f80c7a20 @ Wed Jul 29 16:32:33 UTC 2026
// 重构日志: a6bb3adc
// 同步 ID: 08cacb5d @ Thu Jul 30 01:07:56 UTC 2026
// 重构日志: 6453ed50
// 重构日志: c8ff703b
// 同步 ID: 0d6393bf @ Sat Aug  1 05:16:43 UTC 2026
// 重构日志: bd9af917
// 重构日志: c78387a3
// 同步 ID: 491856f1 @ Sun Aug  2 12:13:48 UTC 2026
// 同步 ID: 0cd96cd5 @ Sun Aug  2 12:51:09 UTC 2026
// 同步 ID: 7699aa98 @ Sun Aug  2 17:03:10 UTC 2026
// 重构日志: 99c958e8
// 重构日志: b75bfcde
// 重构日志: 5762c56f
// 重构日志: 9085cfbd
// 同步 ID: 6acc9fda @ Tue Aug  4 04:08:12 UTC 2026
// 同步 ID: 5c5ee3cc @ Tue Aug  4 07:58:47 UTC 2026
// 重构日志: da8b0b5a
// 重构日志: 1d2a7a00
// 重构日志: 5e3ccb46
// 同步 ID: d41bfc3c @ Thu Aug  6 05:34:32 UTC 2026
// 同步 ID: 1fde511a @ Thu Aug  6 11:54:24 UTC 2026
// 同步 ID: 8e41ea09 @ Fri Aug  7 06:10:17 UTC 2026
// 重构日志: fd55e0dd
// 重构日志: f3ccf3f9
